// Jest Snapshot v1, https://goo.gl/fbAQLP

exports[`tmSearch render tmSearch 1`] = `
<div class="tm-search el-input el-input--medium el-input--suffix">
  <!----><input type="text" autocomplete="off" placeholder="请输入内容" class="el-input__inner">
  <!----><span class="el-input__suffix"><span class="el-input__suffix-inner"><i class="tm-search-icon tm-icon-sousuo"></i><!----><!----><!----><!----></span>
  <!----></span>
  <!---->
  <!---->
</div>
`;
