// Jest Snapshot v1, https://goo.gl/fbAQLP

exports[`tmTitle render demo button 1`] = `
<div class="tm-title">
  <div class="tm-title__basic"><span class="tm-title__content" style="font-size: 16px;">
      标题
    </span>
    <!---->
    <!---->
  </div>
</div>
`;
