// Jest Snapshot v1, https://goo.gl/fbAQLP

exports[`tmTagCombo render tag-combo 1`] = `
<div class="tm-tag-combo">
  <!---->
</div>
`;
