// Jest Snapshot v1, https://goo.gl/fbAQLP

exports[`tmTimeline render timeline 1`] = `<div class="tm-timeline"></div>`;
