// Jest Snapshot v1, https://goo.gl/fbAQLP

exports[`tmTip render tip 1`] = ``;
