// Jest Snapshot v1, https://goo.gl/fbAQLP

exports[`tmTag render tag 1`] = `<span class="tm-tag"><!----> 提示 <!----></span>`;
